Archive member included because of file (symbol)

c:/freescale/kds_v3/toolchain/bin/../lib/gcc/arm-none-eabi/4.8.4/armv6-m\libgcc.a(_arm_cmpsf2.o)
                              ./Generated_Code/PwmLdd1.o (__aeabi_fcmpgt)
c:/freescale/kds_v3/toolchain/bin/../lib/gcc/arm-none-eabi/4.8.4/armv6-m\libgcc.a(_fixunssfsi.o)
                              ./Generated_Code/PwmLdd1.o (__aeabi_f2uiz)
c:/freescale/kds_v3/toolchain/bin/../lib/gcc/arm-none-eabi/4.8.4/armv6-m\libgcc.a(eqsf2.o)
                              c:/freescale/kds_v3/toolchain/bin/../lib/gcc/arm-none-eabi/4.8.4/armv6-m\libgcc.a(_arm_cmpsf2.o) (__eqsf2)
c:/freescale/kds_v3/toolchain/bin/../lib/gcc/arm-none-eabi/4.8.4/armv6-m\libgcc.a(gesf2.o)
                              c:/freescale/kds_v3/toolchain/bin/../lib/gcc/arm-none-eabi/4.8.4/armv6-m\libgcc.a(_arm_cmpsf2.o) (__gesf2)
c:/freescale/kds_v3/toolchain/bin/../lib/gcc/arm-none-eabi/4.8.4/armv6-m\libgcc.a(lesf2.o)
                              c:/freescale/kds_v3/toolchain/bin/../lib/gcc/arm-none-eabi/4.8.4/armv6-m\libgcc.a(_arm_cmpsf2.o) (__lesf2)
c:/freescale/kds_v3/toolchain/bin/../lib/gcc/arm-none-eabi/4.8.4/armv6-m\libgcc.a(mulsf3.o)
                              ./Generated_Code/PwmLdd1.o (__aeabi_fmul)
c:/freescale/kds_v3/toolchain/bin/../lib/gcc/arm-none-eabi/4.8.4/armv6-m\libgcc.a(subsf3.o)
                              c:/freescale/kds_v3/toolchain/bin/../lib/gcc/arm-none-eabi/4.8.4/armv6-m\libgcc.a(_fixunssfsi.o) (__aeabi_fsub)
c:/freescale/kds_v3/toolchain/bin/../lib/gcc/arm-none-eabi/4.8.4/armv6-m\libgcc.a(fixsfsi.o)
                              c:/freescale/kds_v3/toolchain/bin/../lib/gcc/arm-none-eabi/4.8.4/armv6-m\libgcc.a(_fixunssfsi.o) (__aeabi_f2iz)
c:/freescale/kds_v3/toolchain/bin/../lib/gcc/arm-none-eabi/4.8.4/armv6-m\libgcc.a(floatsisf.o)
                              ./Generated_Code/PwmLdd1.o (__aeabi_i2f)
c:/freescale/kds_v3/toolchain/bin/../lib/gcc/arm-none-eabi/4.8.4/armv6-m\libgcc.a(_clzsi2.o)
                              c:/freescale/kds_v3/toolchain/bin/../lib/gcc/arm-none-eabi/4.8.4/armv6-m\libgcc.a(mulsf3.o) (__clzsi2)
c:/freescale/kds_v3/toolchain/bin/../lib/gcc/arm-none-eabi/4.8.4/../../../../arm-none-eabi/lib/armv6-m\libg_s.a(lib_a-exit.o)
                              c:/freescale/kds_v3/toolchain/bin/../lib/gcc/arm-none-eabi/4.8.4/../../../../arm-none-eabi/lib/armv6-m/crt0.o (exit)
c:/freescale/kds_v3/toolchain/bin/../lib/gcc/arm-none-eabi/4.8.4/../../../../arm-none-eabi/lib/armv6-m\libg_s.a(lib_a-impure.o)
                              c:/freescale/kds_v3/toolchain/bin/../lib/gcc/arm-none-eabi/4.8.4/../../../../arm-none-eabi/lib/armv6-m\libg_s.a(lib_a-exit.o) (_global_impure_ptr)
c:/freescale/kds_v3/toolchain/bin/../lib/gcc/arm-none-eabi/4.8.4/../../../../arm-none-eabi/lib/armv6-m\libg_s.a(lib_a-init.o)
                              c:/freescale/kds_v3/toolchain/bin/../lib/gcc/arm-none-eabi/4.8.4/../../../../arm-none-eabi/lib/armv6-m/crt0.o (__libc_init_array)
c:/freescale/kds_v3/toolchain/bin/../lib/gcc/arm-none-eabi/4.8.4/../../../../arm-none-eabi/lib/armv6-m\libg_s.a(lib_a-memset.o)
                              c:/freescale/kds_v3/toolchain/bin/../lib/gcc/arm-none-eabi/4.8.4/../../../../arm-none-eabi/lib/armv6-m/crt0.o (memset)
c:/freescale/kds_v3/toolchain/bin/../lib/gcc/arm-none-eabi/4.8.4/../../../../arm-none-eabi/lib/armv6-m\libnosys.a(_exit.o)
                              c:/freescale/kds_v3/toolchain/bin/../lib/gcc/arm-none-eabi/4.8.4/../../../../arm-none-eabi/lib/armv6-m\libg_s.a(lib_a-exit.o) (_exit)

Allocating common symbols
Common symbol       size              file

Aut_Light           0x14              ./Sources/App.o
SR_reg              0x1               ./Generated_Code/Cpu.o

Discarded input sections

 .text          0x00000000        0x0 c:/freescale/kds_v3/toolchain/bin/../lib/gcc/arm-none-eabi/4.8.4/armv6-m/crti.o
 .data          0x00000000        0x0 c:/freescale/kds_v3/toolchain/bin/../lib/gcc/arm-none-eabi/4.8.4/armv6-m/crti.o
 .bss           0x00000000        0x0 c:/freescale/kds_v3/toolchain/bin/../lib/gcc/arm-none-eabi/4.8.4/armv6-m/crti.o
 .data          0x00000000        0x4 c:/freescale/kds_v3/toolchain/bin/../lib/gcc/arm-none-eabi/4.8.4/armv6-m/crtbegin.o
 .data          0x00000000        0x0 c:/freescale/kds_v3/toolchain/bin/../lib/gcc/arm-none-eabi/4.8.4/../../../../arm-none-eabi/lib/armv6-m/crt0.o
 .bss           0x00000000        0x0 c:/freescale/kds_v3/toolchain/bin/../lib/gcc/arm-none-eabi/4.8.4/../../../../arm-none-eabi/lib/armv6-m/crt0.o
 .ARM.extab     0x00000000        0x0 c:/freescale/kds_v3/toolchain/bin/../lib/gcc/arm-none-eabi/4.8.4/../../../../arm-none-eabi/lib/armv6-m/crt0.o
 .group         0x00000000        0x8 ./Sources/App.o
 .group         0x00000000        0x8 ./Sources/App.o
 .group         0x00000000        0x8 ./Sources/App.o
 .group         0x00000000        0x8 ./Sources/App.o
 .group         0x00000000        0x8 ./Sources/App.o
 .group         0x00000000        0x8 ./Sources/App.o
[...]
Memory Configuration

Name             Origin             Length             Attributes
m_interrupts     0x00000000         0x000000c0         xr
m_text           0x00000410         0x0001fbf0         xr
m_data           0x1ffff000         0x00004000         rw
m_cfmprotrom     0x00000400         0x00000010         xr
*default*        0x00000000         0xffffffff

Linker script and memory map

LOAD c:/freescale/kds_v3/toolchain/bin/../lib/gcc/arm-none-eabi/4.8.4/armv6-m/crti.o
LOAD c:/freescale/kds_v3/toolchain/bin/../lib/gcc/arm-none-eabi/4.8.4/armv6-m/crtbegin.o
LOAD c:/freescale/kds_v3/toolchain/bin/../lib/gcc/arm-none-eabi/4.8.4/../../../../arm-none-eabi/lib/armv6-m/crt0.o
LOAD ./Sources/App.o
LOAD ./Sources/Events.o
LOAD ./Sources/main.o
LOAD ./Project_Settings/Startup_Code/startup.o
LOAD ./Generated_Code/BitIoLdd1.o
LOAD ./Generated_Code/BitIoLdd2.o
LOAD ./Generated_Code/BitIoLdd3.o
LOAD ./Generated_Code/Clock_10_ms.o
LOAD ./Generated_Code/Cpu.o
LOAD ./Generated_Code/Infrared_sensor.o
LOAD ./Generated_Code/LED_Blue.o
LOAD ./Generated_Code/LED_Green.o
LOAD ./Generated_Code/LED_Red.o
LOAD ./Generated_Code/MCUC1.o
LOAD ./Generated_Code/PE_LDD.o
LOAD ./Generated_Code/PwmLdd1.o
LOAD ./Generated_Code/TU1.o
LOAD ./Generated_Code/TU2.o
LOAD ./Generated_Code/TimerIntLdd1.o
LOAD ./Generated_Code/Vectors.o
LOAD ./Generated_Code/WAIT1.o
LOAD c:/freescale/kds_v3/toolchain/bin/../lib/gcc/arm-none-eabi/4.8.4/../../../../arm-none-eabi/lib/armv6-m\libstdc++_s.a
LOAD c:/freescale/kds_v3/toolchain/bin/../lib/gcc/arm-none-eabi/4.8.4/../../../../arm-none-eabi/lib/armv6-m\libm.a
START GROUP
LOAD c:/freescale/kds_v3/toolchain/bin/../lib/gcc/arm-none-eabi/4.8.4/armv6-m\libgcc.a
LOAD c:/freescale/kds_v3/toolchain/bin/../lib/gcc/arm-none-eabi/4.8.4/../../../../arm-none-eabi/lib/armv6-m\libg_s.a
LOAD c:/freescale/kds_v3/toolchain/bin/../lib/gcc/arm-none-eabi/4.8.4/../../../../arm-none-eabi/lib/armv6-m\libc_s.a
END GROUP
START GROUP
LOAD c:/freescale/kds_v3/toolchain/bin/../lib/gcc/arm-none-eabi/4.8.4/armv6-m\libgcc.a
LOAD c:/freescale/kds_v3/toolchain/bin/../lib/gcc/arm-none-eabi/4.8.4/../../../../arm-none-eabi/lib/armv6-m\libc_s.a
LOAD c:/freescale/kds_v3/toolchain/bin/../lib/gcc/arm-none-eabi/4.8.4/../../../../arm-none-eabi/lib/armv6-m\libnosys.a
END GROUP
START GROUP
LOAD c:/freescale/kds_v3/toolchain/bin/../lib/gcc/arm-none-eabi/4.8.4/armv6-m\libgcc.a
LOAD c:/freescale/kds_v3/toolchain/bin/../lib/gcc/arm-none-eabi/4.8.4/../../../../arm-none-eabi/lib/armv6-m\libc_s.a
LOAD c:/freescale/kds_v3/toolchain/bin/../lib/gcc/arm-none-eabi/4.8.4/../../../../arm-none-eabi/lib/armv6-m\libnosys.a
END GROUP
LOAD c:/freescale/kds_v3/toolchain/bin/../lib/gcc/arm-none-eabi/4.8.4/armv6-m/crtend.o
LOAD c:/freescale/kds_v3/toolchain/bin/../lib/gcc/arm-none-eabi/4.8.4/armv6-m/crtn.o
                0x20003000                _estack = 0x20003000
                0x20003000                __SP_INIT = _estack
                0x20003000                __stack = _estack
                0x00000000                __heap_size = 0x0
                0x00000400                __stack_size = 0x400

.interrupts     0x00000000       0xc0
                0x00000000                __vector_table = .
                0x00000000                . = ALIGN (0x4)
 *(.vectortable)
 .vectortable   0x00000000       0xc0 ./Generated_Code/Vectors.o
                0x00000000                __vect_table
                0x000000c0                . = ALIGN (0x4)

.cfmprotect     0x00000400       0x10
                0x00000400                . = ALIGN (0x4)
 *(.cfmconfig)
 .cfmconfig     0x00000400       0x10 ./Generated_Code/Cpu.o
                0x00000400                _cfm
                0x00000410                . = ALIGN (0x4)

.text           0x00000410      0xd6c
                0x00000410                . = ALIGN (0x4)
 *(.text)
 .text          0x00000410       0x60 c:/freescale/kds_v3/toolchain/bin/../lib/gcc/arm-none-eabi/4.8.4/armv6-m/crtbegin.o
 .text          0x00000470       0x78 c:/freescale/kds_v3/toolchain/bin/../lib/gcc/arm-none-eabi/4.8.4/../../../../arm-none-eabi/lib/armv6-m/crt0.o
                0x00000470                _start
                0x00000470                _mainCRTStartup
 *(.text*)
 .text.Aut_ligh_Init
                0x000004e8       0x6c ./Sources/App.o
                0x000004e8                Aut_ligh_Init
 .text.Aut_light_ON
                0x00000554       0x6c ./Sources/App.o
                0x00000554                Aut_light_ON
 .text.Aut_light_OFF
                0x000005c0       0x6c ./Sources/App.o
                0x000005c0                Aut_light_OFF
 .text.Aut_light_Idle
                0x0000062c       0x10 ./Sources/App.o
                0x0000062c                Aut_light_Idle
 .text.Cpu_OnNMIINT
                0x0000063c        0x8 ./Sources/Events.o
                0x0000063c                Cpu_OnNMIINT
 .text.Clock_10_ms_OnInterrupt
                0x00000644       0x90 ./Sources/Events.o
                0x00000644                Clock_10_ms_OnInterrupt
 .text.main     0x000006d4       0x24 ./Sources/main.o
                0x000006d4                main
 .text.__copy_rom_section
                0x000006f8       0xd8 ./Project_Settings/Startup_Code/startup.o
                0x000006f8                __copy_rom_section
 .text.__copy_rom_sections_to_ram
                0x000007d0       0x98 ./Project_Settings/Startup_Code/startup.o
                0x000007d0                __copy_rom_sections_to_ram
 .text.__init_registers
                0x00000868        0x8 ./Project_Settings/Startup_Code/startup.o
                0x00000868                __init_registers
 .text.__init_user
                0x00000870        0x8 ./Project_Settings/Startup_Code/startup.o
                0x00000870                __init_user
 .text.__thumb_startup
                0x00000878       0x30 ./Project_Settings/Startup_Code/startup.o
                0x00000878                __thumb_startup
 .text.BitIoLdd1_Init
                0x000008a8       0x60 ./Generated_Code/BitIoLdd1.o
                0x000008a8                BitIoLdd1_Init
 .text.BitIoLdd1_GetVal
                0x00000908       0x3c ./Generated_Code/BitIoLdd1.o
                0x00000908                BitIoLdd1_GetVal
 .text.BitIoLdd2_Init
                0x00000944       0x64 ./Generated_Code/BitIoLdd2.o
                0x00000944                BitIoLdd2_Init
 .text.BitIoLdd2_ClrVal
                0x000009a8       0x1c ./Generated_Code/BitIoLdd2.o
                0x000009a8                BitIoLdd2_ClrVal
 .text.BitIoLdd2_SetVal
                0x000009c4       0x1c ./Generated_Code/BitIoLdd2.o
                0x000009c4                BitIoLdd2_SetVal
 .text.BitIoLdd3_Init
                0x000009e0       0x64 ./Generated_Code/BitIoLdd3.o
                0x000009e0                BitIoLdd3_Init
 .text.BitIoLdd3_ClrVal
                0x00000a44       0x1c ./Generated_Code/BitIoLdd3.o
                0x00000a44                BitIoLdd3_ClrVal
 .text.BitIoLdd3_SetVal
                0x00000a60       0x1c ./Generated_Code/BitIoLdd3.o
                0x00000a60                BitIoLdd3_SetVal
 .text.TimerIntLdd1_OnInterrupt
                0x00000a7c       0x14 ./Generated_Code/Clock_10_ms.o
                0x00000a7c                TimerIntLdd1_OnInterrupt
 .text.Cpu_INT_NMIInterrupt
                0x00000a90        0xc ./Generated_Code/Cpu.o
                0x00000a90                Cpu_INT_NMIInterrupt
 .text.Cpu_Interrupt
                0x00000a9c        0xc ./Generated_Code/Cpu.o
                0x00000a9c                Cpu_Interrupt
 .text.__init_hardware
                0x00000aa8      0x120 ./Generated_Code/Cpu.o
                0x00000aa8                __init_hardware
 .text.PE_low_level_init
                0x00000bc8       0xec ./Generated_Code/Cpu.o
                0x00000bc8                PE_low_level_init
 .text.PwmLdd1_Init
                0x00000cb4       0x54 ./Generated_Code/PwmLdd1.o
                0x00000cb4                PwmLdd1_Init
 .text.PwmLdd1_SetRatio16
                0x00000d08       0x2c ./Generated_Code/PwmLdd1.o
                0x00000d08                PwmLdd1_SetRatio16
 .text.SetRatio
                0x00000d34       0x68 ./Generated_Code/PwmLdd1.o
 .text.TU1_Init
                0x00000d9c       0xd8 ./Generated_Code/TU1.o
                0x00000d9c                TU1_Init
 .text.TU1_GetPeriodTicks
                0x00000e74       0x3c ./Generated_Code/TU1.o
                0x00000e74                TU1_GetPeriodTicks
 .text.TU1_SetOffsetTicks
                0x00000eb0       0x44 ./Generated_Code/TU1.o
                0x00000eb0                TU1_SetOffsetTicks
 .text.TU2_Init
                0x00000ef4       0xc0 ./Generated_Code/TU2.o
                0x00000ef4                TU2_Init
 .text.TU2_Interrupt
                0x00000fb4       0x30 ./Generated_Code/TU2.o
                0x00000fb4                TU2_Interrupt
 .text.TimerIntLdd1_Init
                0x00000fe4       0x50 ./Generated_Code/TimerIntLdd1.o
                0x00000fe4                TimerIntLdd1_Init
 .text.TU2_OnCounterRestart
                0x00001034       0x24 ./Generated_Code/TimerIntLdd1.o
                0x00001034                TU2_OnCounterRestart
 .text.WAIT1_Wait10Cycles
                0x00001058        0x8 ./Generated_Code/WAIT1.o
                0x00001058                WAIT1_Wait10Cycles
 .text.WAIT1_Wait100Cycles
                0x00001060       0x24 ./Generated_Code/WAIT1.o
                0x00001060                WAIT1_Wait100Cycles
 .text.WAIT1_WaitCycles
                0x00001084       0x44 ./Generated_Code/WAIT1.o
                0x00001084                WAIT1_WaitCycles
 .text.WAIT1_Init
                0x000010c8        0x8 ./Generated_Code/WAIT1.o
                0x000010c8                WAIT1_Init
 .text.exit     0x000010d0       0x2c c:/freescale/kds_v3/toolchain/bin/../lib/gcc/arm-none-eabi/4.8.4/../../../../arm-none-eabi/lib/armv6-m\libg_s.a(lib_a-exit.o)
                0x000010d0                exit
 .text.__libc_init_array
                0x000010fc       0x4c c:/freescale/kds_v3/toolchain/bin/../lib/gcc/arm-none-eabi/4.8.4/../../../../arm-none-eabi/lib/armv6-m\libg_s.a(lib_a-init.o)
                0x000010fc                __libc_init_array
 .text.memset   0x00001148       0x10 c:/freescale/kds_v3/toolchain/bin/../lib/gcc/arm-none-eabi/4.8.4/../../../../arm-none-eabi/lib/armv6-m\libg_s.a(lib_a-memset.o)
                0x00001148                memset
 .text._exit    0x00001158        0x4 c:/freescale/kds_v3/toolchain/bin/../lib/gcc/arm-none-eabi/4.8.4/../../../../arm-none-eabi/lib/armv6-m\libnosys.a(_exit.o)
                0x00001158                _exit
 *(.rodata)
 *(.rodata*)
 .rodata.str1.1
                0x0000115c        0x2 c:/freescale/kds_v3/toolchain/bin/../lib/gcc/arm-none-eabi/4.8.4/../../../../arm-none-eabi/lib/armv6-m\libg_s.a(lib_a-impure.o)
 *fill*         0x0000115e        0x2 
 .rodata._global_impure_ptr
                0x00001160        0x4 c:/freescale/kds_v3/toolchain/bin/../lib/gcc/arm-none-eabi/4.8.4/../../../../arm-none-eabi/lib/armv6-m\libg_s.a(lib_a-impure.o)
                0x00001160                _global_impure_ptr
 *(.glue_7)
 .glue_7        0x00000000        0x0 linker stubs
 *(.glue_7t)
 .glue_7t       0x00000000        0x0 linker stubs
 *(.eh_frame)
 .eh_frame      0x00001164        0x0 c:/freescale/kds_v3/toolchain/bin/../lib/gcc/arm-none-eabi/4.8.4/armv6-m/crtbegin.o
 *(.init)
 .init          0x00001164        0x4 c:/freescale/kds_v3/toolchain/bin/../lib/gcc/arm-none-eabi/4.8.4/armv6-m/crti.o
                0x00001164                _init
 .init          0x00001168        0x8 c:/freescale/kds_v3/toolchain/bin/../lib/gcc/arm-none-eabi/4.8.4/armv6-m/crtn.o
 *(.fini)
 .fini          0x00001170        0x4 c:/freescale/kds_v3/toolchain/bin/../lib/gcc/arm-none-eabi/4.8.4/armv6-m/crti.o
                0x00001170                _fini
 .fini          0x00001174        0x8 c:/freescale/kds_v3/toolchain/bin/../lib/gcc/arm-none-eabi/4.8.4/armv6-m/crtn.o
                0x0000117c                . = ALIGN (0x4)
                0x0000117c                _etext = .

.vfp11_veneer   0x0000117c        0x0
 .vfp11_veneer  0x00000000        0x0 linker stubs

.v4_bx          0x0000117c        0x0
 .v4_bx         0x00000000        0x0 linker stubs

.iplt           0x0000117c        0x0
 .iplt          0x00000000        0x0 c:/freescale/kds_v3/toolchain/bin/../lib/gcc/arm-none-eabi/4.8.4/armv6-m/crtbegin.o

.ARM.extab
 *(.ARM.extab* .gnu.linkonce.armextab.*)

.ARM            0x0000117c        0x8
                0x0000117c                __exidx_start = .
 *(.ARM.exidx*)
 .ARM.exidx     0x0000117c        0x8 c:/freescale/kds_v3/toolchain/bin/../lib/gcc/arm-none-eabi/4.8.4/../../../../arm-none-eabi/lib/armv6-m/crt0.o
                0x00001184                __exidx_end = .

.rel.dyn        0x00001184        0x0
 .rel.iplt      0x00000000        0x0 c:/freescale/kds_v3/toolchain/bin/../lib/gcc/arm-none-eabi/4.8.4/armv6-m/crtbegin.o

.ctors          0x00001184        0x0
                0x00001184                __CTOR_LIST__ = .
 *crtbegin.o(.ctors)
 *(EXCLUDE_FILE(*crtend.o) .ctors)
 *(SORT(.ctors.*))
 *(.ctors)
                0x00001184                __CTOR_END__ = .

.dtors          0x00001184        0x0
                0x00001184                __DTOR_LIST__ = .
 *crtbegin.o(.dtors)
 *(EXCLUDE_FILE(*crtend.o) .dtors)
 *(SORT(.dtors.*))
 *(.dtors)
                0x00001184                __DTOR_END__ = .

.preinit_array  0x00001184        0x0
                0x00001184                PROVIDE (__preinit_array_start, .)
 *(.preinit_array*)
                0x00001184                PROVIDE (__preinit_array_end, .)

.init_array     0x00001184        0x4
                0x00001184                PROVIDE (__init_array_start, .)
 *(SORT(.init_array.*))
 *(.init_array*)
 .init_array    0x00001184        0x4 c:/freescale/kds_v3/toolchain/bin/../lib/gcc/arm-none-eabi/4.8.4/armv6-m/crtbegin.o
                0x00001188                PROVIDE (__init_array_end, .)

.fini_array     0x00001188        0x4
                0x00001188                PROVIDE (__fini_array_start, .)
 *(SORT(.fini_array.*))
 *(.fini_array*)
 .fini_array    0x00001188        0x4 c:/freescale/kds_v3/toolchain/bin/../lib/gcc/arm-none-eabi/4.8.4/armv6-m/crtbegin.o
                0x0000118c                PROVIDE (__fini_array_end, .)
                0x0000118c                ___ROM_AT = .

.mtb            0x1ffff000        0x0
                0x1ffff000                . = ALIGN (0x8)
                0x1ffff000                _mtb_start = .
 *(.mtb_buf)
                0x1ffff000                . = ALIGN (0x8)
                0x1ffff000                _mtb_end = .

.data           0x1ffff000       0x60 load address 0x0000118c
                0x1ffff000                . = ALIGN (0x4)
                0x1ffff000                _sdata = .
 *(.data)
 *(.data*)
 .data.impure_data
                0x1ffff000       0x60 c:/freescale/kds_v3/toolchain/bin/../lib/gcc/arm-none-eabi/4.8.4/../../../../arm-none-eabi/lib/armv6-m\libg_s.a(lib_a-impure.o)
                0x1ffff060                . = ALIGN (0x4)
                0x1ffff060                _edata = .
                0x00000060                ___data_size = (_edata - _sdata)

.jcr            0x1ffff060        0x0 load address 0x000011ec
 .jcr           0x1ffff060        0x0 c:/freescale/kds_v3/toolchain/bin/../lib/gcc/arm-none-eabi/4.8.4/armv6-m/crtbegin.o

.igot.plt       0x1ffff060        0x0 load address 0x000011ec
 .igot.plt      0x00000000        0x0 c:/freescale/kds_v3/toolchain/bin/../lib/gcc/arm-none-eabi/4.8.4/armv6-m/crtbegin.o
                0x1ffff060                . = ALIGN (0x4)

.bss            0x1ffff060       0x84 load address 0x000011ec
                0x1ffff060                __START_BSS = .
                0x1ffff060                PROVIDE (__bss_start__, __START_BSS)
 *(.bss)
 .bss           0x1ffff060       0x1c c:/freescale/kds_v3/toolchain/bin/../lib/gcc/arm-none-eabi/4.8.4/armv6-m/crtbegin.o
 *(.bss*)
 .bss.DeviceDataPrv__DEFAULT_RTOS_ALLOC
                0x1ffff07c        0x4 ./Generated_Code/BitIoLdd1.o
 .bss.DeviceDataPrv__DEFAULT_RTOS_ALLOC
                0x1ffff080        0x4 ./Generated_Code/BitIoLdd2.o
 .bss.DeviceDataPrv__DEFAULT_RTOS_ALLOC
                0x1ffff084        0x4 ./Generated_Code/BitIoLdd3.o
 .bss.PE_LDD_DeviceDataList
                0x1ffff088       0x1c ./Generated_Code/PE_LDD.o
                0x1ffff088                PE_LDD_DeviceDataList
 .bss.DeviceDataPrv__DEFAULT_RTOS_ALLOC
                0x1ffff0a4        0xc ./Generated_Code/PwmLdd1.o
 .bss.DeviceDataPrv__DEFAULT_RTOS_ALLOC
                0x1ffff0b0        0x8 ./Generated_Code/TU1.o
 .bss.DeviceDataPrv__DEFAULT_RTOS_ALLOC
                0x1ffff0b8        0x8 ./Generated_Code/TU2.o
 .bss.INT_LPTMR0__DEFAULT_RTOS_ISRPARAM
                0x1ffff0c0        0x4 ./Generated_Code/TU2.o
 .bss.DeviceDataPrv__DEFAULT_RTOS_ALLOC
                0x1ffff0c4        0xc ./Generated_Code/TimerIntLdd1.o
 *(COMMON)
 COMMON         0x1ffff0d0       0x14 ./Sources/App.o
                0x1ffff0d0                Aut_Light
                0x1ffff0e4                . = ALIGN (0x4)
                0x1ffff0e4                __END_BSS = .
                0x1ffff0e4                PROVIDE (__bss_end__, __END_BSS)
                0x000011ec                _romp_at = (___ROM_AT + SIZEOF (.data))

.romp           0x1ffff0e4       0x18 load address 0x000011ec
                0x000011ec                __S_romp = _romp_at
                0x1ffff0e4        0x4 LONG 0x118c ___ROM_AT
                0x1ffff0e8        0x4 LONG 0x1ffff000 _sdata
                0x1ffff0ec        0x4 LONG 0x60 ___data_size
                0x1ffff0f0        0x4 LONG 0x0
                0x1ffff0f4        0x4 LONG 0x0
                0x1ffff0f8        0x4 LONG 0x0
                0x00020000                text_end = (ORIGIN (m_text) + 0x1fbf0)
                0x00001204                data_init_end = ((___ROM_AT + SIZEOF (.data)) + SIZEOF (.romp))
                0x00000001                ASSERT ((data_init_end <= text_end), region m_text overflowed with text and data)

._user_heap_stack
                0x1ffff0fc      0x400 load address 0x00001204
                0x1ffff0fc                . = ALIGN (0x4)
                0x1ffff0fc                PROVIDE (end, .)
                0x1ffff0fc                PROVIDE (_end, .)
                0x1ffff0fc                PROVIDE (__end__, .)
                0x1ffff0fc                __heap_addr = .
                0x1ffff0fc                __HeapBase = .
                0x1ffff0fc                . = (. + __heap_size)
                0x1ffff0fc                __HeapLimit = .
                0x1ffff4fc                . = (. + __stack_size)
 *fill*         0x1ffff0fc      0x400 
                0x1ffff4fc                . = ALIGN (0x4)

.ARM.attributes
                0x00000000       0x28
 *(.ARM.attributes)
 .ARM.attributes
                0x00000000       0x1e c:/freescale/kds_v3/toolchain/bin/../lib/gcc/arm-none-eabi/4.8.4/armv6-m/crti.o
 .ARM.attributes
                0x0000001e       0x2c c:/freescale/kds_v3/toolchain/bin/../lib/gcc/arm-none-eabi/4.8.4/armv6-m/crtbegin.o
 .ARM.attributes
                0x0000004a       0x1b c:/freescale/kds_v3/toolchain/bin/../lib/gcc/arm-none-eabi/4.8.4/../../../../arm-none-eabi/lib/armv6-m/crt0.o
 .ARM.attributes
                0x00000065       0x32 ./Sources/App.o
 .ARM.attributes
                0x00000097       0x32 ./Sources/Events.o
 .ARM.attributes
                0x000000c9       0x32 ./Sources/main.o
 .ARM.attributes
                0x000000fb       0x32 ./Project_Settings/Startup_Code/startup.o
 .ARM.attributes
                0x0000012d       0x32 ./Generated_Code/BitIoLdd1.o
 .ARM.attributes
                0x0000015f       0x32 ./Generated_Code/BitIoLdd2.o
 .ARM.attributes
                0x00000191       0x32 ./Generated_Code/BitIoLdd3.o
 .ARM.attributes
                0x000001c3       0x32 ./Generated_Code/Clock_10_ms.o
 .ARM.attributes
                0x000001f5       0x32 ./Generated_Code/Cpu.o
 .ARM.attributes
                0x00000227       0x32 ./Generated_Code/PE_LDD.o
 .ARM.attributes
                0x00000259       0x32 ./Generated_Code/PwmLdd1.o
 .ARM.attributes
                0x0000028b       0x32 ./Generated_Code/TU1.o
 .ARM.attributes
                0x000002bd       0x32 ./Generated_Code/TU2.o
 .ARM.attributes
                0x000002ef       0x32 ./Generated_Code/TimerIntLdd1.o
 .ARM.attributes
                0x00000321       0x32 ./Generated_Code/Vectors.o
 .ARM.attributes
                0x00000353       0x32 ./Generated_Code/WAIT1.o
 .ARM.attributes
                0x00000385       0x2c c:/freescale/kds_v3/toolchain/bin/../lib/gcc/arm-none-eabi/4.8.4/../../../../arm-none-eabi/lib/armv6-m\libg_s.a(lib_a-exit.o)
 .ARM.attributes
                0x000003b1       0x2c c:/freescale/kds_v3/toolchain/bin/../lib/gcc/arm-none-eabi/4.8.4/../../../../arm-none-eabi/lib/armv6-m\libg_s.a(lib_a-impure.o)
 .ARM.attributes
                0x000003dd       0x2c c:/freescale/kds_v3/toolchain/bin/../lib/gcc/arm-none-eabi/4.8.4/../../../../arm-none-eabi/lib/armv6-m\libg_s.a(lib_a-init.o)
 .ARM.attributes
                0x00000409       0x2c c:/freescale/kds_v3/toolchain/bin/../lib/gcc/arm-none-eabi/4.8.4/../../../../arm-none-eabi/lib/armv6-m\libg_s.a(lib_a-memset.o)
 .ARM.attributes
                0x00000435       0x2c c:/freescale/kds_v3/toolchain/bin/../lib/gcc/arm-none-eabi/4.8.4/../../../../arm-none-eabi/lib/armv6-m\libnosys.a(_exit.o)
 .ARM.attributes
                0x00000461       0x1e c:/freescale/kds_v3/toolchain/bin/../lib/gcc/arm-none-eabi/4.8.4/armv6-m/crtn.o
OUTPUT(Trabalho.elf elf32-littlearm)

.debug_info     0x00000000     0x2f94
 .debug_info    0x00000000      0x1e2 ./Sources/App.o
 .debug_info    0x000001e2      0x189 ./Sources/Events.o
 .debug_info    0x0000036b      0x148 ./Sources/main.o
 .debug_info    0x000004b3      0x20a ./Project_Settings/Startup_Code/startup.o
 .debug_info    0x000006bd      0x3b6 ./Generated_Code/BitIoLdd1.o
 .debug_info    0x00000a73      0x3dc ./Generated_Code/BitIoLdd2.o
 .debug_info    0x00000e4f      0x3dc ./Generated_Code/BitIoLdd3.o
 .debug_info    0x0000122b       0xb2 ./Generated_Code/Clock_10_ms.o
 .debug_info    0x000012dd      0x842 ./Generated_Code/Cpu.o
 .debug_info    0x00001b1f      0x251 ./Generated_Code/PE_LDD.o
 .debug_info    0x00001d70      0x2d4 ./Generated_Code/PwmLdd1.o
 .debug_info    0x00002044      0x6aa ./Generated_Code/TU1.o
 .debug_info    0x000026ee      0x4b1 ./Generated_Code/TU2.o
 .debug_info    0x00002b9f      0x177 ./Generated_Code/TimerIntLdd1.o
 .debug_info    0x00002d16      0x10e ./Generated_Code/Vectors.o
 .debug_info    0x00002e24      0x170 ./Generated_Code/WAIT1.o

.debug_abbrev   0x00000000     0x110e
 .debug_abbrev  0x00000000      0x110 ./Sources/App.o
 .debug_abbrev  0x00000110       0xee ./Sources/Events.o
 .debug_abbrev  0x000001fe       0xc8 ./Sources/main.o
 .debug_abbrev  0x000002c6      0x11e ./Project_Settings/Startup_Code/startup.o
 .debug_abbrev  0x000003e4      0x15f ./Generated_Code/BitIoLdd1.o
 .debug_abbrev  0x00000543      0x15f ./Generated_Code/BitIoLdd2.o
 .debug_abbrev  0x000006a2      0x15f ./Generated_Code/BitIoLdd3.o
 .debug_abbrev  0x00000801       0x68 ./Generated_Code/Clock_10_ms.o
 .debug_abbrev  0x00000869      0x14f ./Generated_Code/Cpu.o
 .debug_abbrev  0x000009b8      0x10d ./Generated_Code/PE_LDD.o
 .debug_abbrev  0x00000ac5      0x122 ./Generated_Code/PwmLdd1.o
 .debug_abbrev  0x00000be7      0x198 ./Generated_Code/TU1.o
 .debug_abbrev  0x00000d7f      0x15d ./Generated_Code/TU2.o
 .debug_abbrev  0x00000edc       0xdd ./Generated_Code/TimerIntLdd1.o
 .debug_abbrev  0x00000fb9       0xa4 ./Generated_Code/Vectors.o
 .debug_abbrev  0x0000105d       0xb1 ./Generated_Code/WAIT1.o

.debug_aranges  0x00000000      0x388
 .debug_aranges
                0x00000000       0x38 ./Sources/App.o
 .debug_aranges
                0x00000038       0x30 ./Sources/Events.o
 .debug_aranges
                0x00000068       0x20 ./Sources/main.o
 .debug_aranges
                0x00000088       0x50 ./Project_Settings/Startup_Code/startup.o
 .debug_aranges
                0x000000d8       0x48 ./Generated_Code/BitIoLdd1.o
 .debug_aranges
                0x00000120       0x50 ./Generated_Code/BitIoLdd2.o
 .debug_aranges
                0x00000170       0x50 ./Generated_Code/BitIoLdd3.o
 .debug_aranges
                0x000001c0       0x20 ./Generated_Code/Clock_10_ms.o
 .debug_aranges
                0x000001e0       0x38 ./Generated_Code/Cpu.o
 .debug_aranges
                0x00000218       0x30 ./Generated_Code/PE_LDD.o
 .debug_aranges
                0x00000248       0x40 ./Generated_Code/PwmLdd1.o
 .debug_aranges
                0x00000288       0x48 ./Generated_Code/TU1.o
 .debug_aranges
                0x000002d0       0x28 ./Generated_Code/TU2.o
 .debug_aranges
                0x000002f8       0x28 ./Generated_Code/TimerIntLdd1.o
 .debug_aranges
                0x00000320       0x18 ./Generated_Code/Vectors.o
 .debug_aranges
                0x00000338       0x50 ./Generated_Code/WAIT1.o

.debug_ranges   0x00000000      0x280
 .debug_ranges  0x00000000       0x28 ./Sources/App.o
 .debug_ranges  0x00000028       0x20 ./Sources/Events.o
 .debug_ranges  0x00000048       0x10 ./Sources/main.o
 .debug_ranges  0x00000058       0x40 ./Project_Settings/Startup_Code/startup.o
 .debug_ranges  0x00000098       0x38 ./Generated_Code/BitIoLdd1.o
 .debug_ranges  0x000000d0       0x40 ./Generated_Code/BitIoLdd2.o
 .debug_ranges  0x00000110       0x40 ./Generated_Code/BitIoLdd3.o
 .debug_ranges  0x00000150       0x10 ./Generated_Code/Clock_10_ms.o
 .debug_ranges  0x00000160       0x28 ./Generated_Code/Cpu.o
 .debug_ranges  0x00000188       0x20 ./Generated_Code/PE_LDD.o
 .debug_ranges  0x000001a8       0x30 ./Generated_Code/PwmLdd1.o
 .debug_ranges  0x000001d8       0x38 ./Generated_Code/TU1.o
 .debug_ranges  0x00000210       0x18 ./Generated_Code/TU2.o
 .debug_ranges  0x00000228       0x18 ./Generated_Code/TimerIntLdd1.o
 .debug_ranges  0x00000240       0x40 ./Generated_Code/WAIT1.o

.debug_macro    0x00000000    0x11936
 .debug_macro   0x00000000      0x15a ./Sources/App.o
 .debug_macro   0x0000015a      0x802 ./Sources/App.o
 .debug_macro   0x0000095c       0x16 ./Sources/App.o
 .debug_macro   0x00000972       0x44 ./Sources/App.o
 .debug_macro   0x000009b6      0x209 ./Sources/App.o
 .debug_macro   0x00000bbf     0x1599 ./Sources/App.o
 .debug_macro   0x00002158      0x14e ./Sources/App.o
 .debug_macro   0x000022a6       0x64 ./Sources/App.o
 .debug_macro   0x0000230a     0x6691 ./Sources/App.o
 .debug_macro   0x0000899b       0x94 ./Sources/App.o
 .debug_macro   0x00008a2f      0x12c ./Sources/App.o
 .debug_macro   0x00008b5b       0x9a ./Sources/App.o
 .debug_macro   0x00008bf5       0x46 ./Sources/App.o
 .debug_macro   0x00008c3b       0x26 ./Sources/App.o
 .debug_macro   0x00008c61       0x52 ./Sources/App.o
 .debug_macro   0x00008cb3       0x2d ./Sources/App.o
 .debug_macro   0x00008ce0       0x52 ./Sources/App.o
 .debug_macro   0x00008d32       0x2d ./Sources/App.o
 .debug_macro   0x00008d5f      0x1dc ./Sources/App.o
 .debug_macro   0x00008f3b       0x74 ./Sources/App.o
 .debug_macro   0x00008faf       0x37 ./Sources/App.o
 .debug_macro   0x00008fe6       0x25 ./Sources/App.o
 .debug_macro   0x0000900b       0x64 ./Sources/App.o
 .debug_macro   0x0000906f       0x16 ./Sources/App.o
 .debug_macro   0x00009085       0x37 ./Sources/App.o
 .debug_macro   0x000090bc      0x1c4 ./Sources/Events.o
 .debug_macro   0x00009280       0x94 ./Sources/Events.o
 .debug_macro   0x00009314       0x4c ./Sources/Events.o
 .debug_macro   0x00009360       0x4c ./Sources/Events.o
 .debug_macro   0x000093ac      0x25b ./Sources/Events.o
 .debug_macro   0x00009607       0x4a ./Sources/Events.o
 .debug_macro   0x00009651       0x1c ./Sources/Events.o
 .debug_macro   0x0000966d       0x10 ./Sources/Events.o
 .debug_macro   0x0000967d      0x1c4 ./Sources/main.o
 .debug_macro   0x00009841      0x121 ./Project_Settings/Startup_Code/startup.o
 .debug_macro   0x00009962       0x58 ./Project_Settings/Startup_Code/startup.o
 .debug_macro   0x000099ba       0x35 ./Project_Settings/Startup_Code/startup.o
 .debug_macro   0x000099ef       0xa3 ./Project_Settings/Startup_Code/startup.o
 .debug_macro   0x00009a92      0x166 ./Project_Settings/Startup_Code/startup.o
 .debug_macro   0x00009bf8       0x4a ./Project_Settings/Startup_Code/startup.o
 .debug_macro   0x00009c42       0x52 ./Project_Settings/Startup_Code/startup.o
 .debug_macro   0x00009c94       0x16 ./Project_Settings/Startup_Code/startup.o
 .debug_macro   0x00009caa       0x43 ./Project_Settings/Startup_Code/startup.o
 .debug_macro   0x00009ced      0x180 ./Project_Settings/Startup_Code/startup.o
 .debug_macro   0x00009e6d      0x2a6 ./Project_Settings/Startup_Code/startup.o
 .debug_macro   0x0000a113       0x10 ./Project_Settings/Startup_Code/startup.o
 .debug_macro   0x0000a123       0x35 ./Project_Settings/Startup_Code/startup.o
 .debug_macro   0x0000a158       0x16 ./Project_Settings/Startup_Code/startup.o
 .debug_macro   0x0000a16e       0x22 ./Project_Settings/Startup_Code/startup.o
 .debug_macro   0x0000a190       0x10 ./Project_Settings/Startup_Code/startup.o
 .debug_macro   0x0000a1a0      0x20f ./Project_Settings/Startup_Code/startup.o
 .debug_macro   0x0000a3af     0x6685 ./Project_Settings/Startup_Code/startup.o
 .debug_macro   0x00010a34       0xa6 ./Generated_Code/BitIoLdd1.o
 .debug_macro   0x00010ada       0xa6 ./Generated_Code/BitIoLdd2.o
 .debug_macro   0x00010b80       0x4c ./Generated_Code/BitIoLdd2.o
 .debug_macro   0x00010bcc       0xa6 ./Generated_Code/BitIoLdd3.o
 .debug_macro   0x00010c72      0x1b5 ./Generated_Code/Clock_10_ms.o
 .debug_macro   0x00010e27      0x1d1 ./Generated_Code/Cpu.o
 .debug_macro   0x00010ff8      0x181 ./Generated_Code/PE_LDD.o
 .debug_macro   0x00011179       0xbb ./Generated_Code/PwmLdd1.o
 .debug_macro   0x00011234       0xb4 ./Generated_Code/TU1.o
 .debug_macro   0x000112e8       0xbb ./Generated_Code/TU2.o
 .debug_macro   0x000113a3      0x255 ./Generated_Code/TU2.o
 .debug_macro   0x000115f8       0xc5 ./Generated_Code/TimerIntLdd1.o
 .debug_macro   0x000116bd      0x1cf ./Generated_Code/Vectors.o
 .debug_macro   0x0001188c       0xaa ./Generated_Code/WAIT1.o

.debug_line     0x00000000     0x3fe3
 .debug_line    0x00000000      0x45a ./Sources/App.o
 .debug_line    0x0000045a      0x47b ./Sources/Events.o
 .debug_line    0x000008d5      0x458 ./Sources/main.o
 .debug_line    0x00000d2d      0x43e ./Project_Settings/Startup_Code/startup.o
 .debug_line    0x0000116b      0x344 ./Generated_Code/BitIoLdd1.o
 .debug_line    0x000014af      0x356 ./Generated_Code/BitIoLdd2.o
 .debug_line    0x00001805      0x356 ./Generated_Code/BitIoLdd3.o
 .debug_line    0x00001b5b      0x4d4 ./Generated_Code/Clock_10_ms.o
 .debug_line    0x0000202f      0x619 ./Generated_Code/Cpu.o
 .debug_line    0x00002648      0x411 ./Generated_Code/PE_LDD.o
 .debug_line    0x00002a59      0x344 ./Generated_Code/PwmLdd1.o
 .debug_line    0x00002d9d      0x378 ./Generated_Code/TU1.o
 .debug_line    0x00003115      0x30f ./Generated_Code/TU2.o
 .debug_line    0x00003424      0x319 ./Generated_Code/TimerIntLdd1.o
 .debug_line    0x0000373d      0x5a7 ./Generated_Code/Vectors.o
 .debug_line    0x00003ce4      0x2ff ./Generated_Code/WAIT1.o

.debug_str      0x00000000    0x34117
 .debug_str     0x00000000    0x2f5d2 ./Sources/App.o
                              0x2f9d7 (size before relaxing)
 .debug_str     0x0002f5d2     0x18d9 ./Sources/Events.o
                              0x31249 (size before relaxing)
 .debug_str     0x00030eab       0x17 ./Sources/main.o
                              0x311f2 (size before relaxing)
 .debug_str     0x00030ec2     0x25f6 ./Project_Settings/Startup_Code/startup.o
                              0x27348 (size before relaxing)
 .debug_str     0x000334b8      0x190 ./Generated_Code/BitIoLdd1.o
                              0x2cc44 (size before relaxing)
 .debug_str     0x00033648       0xc2 ./Generated_Code/BitIoLdd2.o
                              0x2cc7c (size before relaxing)
 .debug_str     0x0003370a       0xc2 ./Generated_Code/BitIoLdd3.o
                              0x2cc7c (size before relaxing)
 .debug_str     0x000337cc       0x39 ./Generated_Code/Clock_10_ms.o
                              0x311a8 (size before relaxing)
 .debug_str     0x00033805      0x2b5 ./Generated_Code/Cpu.o
                              0x31477 (size before relaxing)
 .debug_str     0x00033aba      0x17e ./Generated_Code/PE_LDD.o
                              0x3132b (size before relaxing)
 .debug_str     0x00033c38       0xda ./Generated_Code/PwmLdd1.o
                              0x2deb4 (size before relaxing)
 .debug_str     0x00033d12      0x1d0 ./Generated_Code/TU1.o
                              0x2df72 (size before relaxing)
 .debug_str     0x00033ee2       0xda ./Generated_Code/TU2.o
                              0x2db92 (size before relaxing)
 .debug_str     0x00033fbc       0xa3 ./Generated_Code/TimerIntLdd1.o
                              0x2da48 (size before relaxing)
 .debug_str     0x0003405f       0x1c ./Generated_Code/Vectors.o
                              0x311be (size before relaxing)
 .debug_str     0x0003407b       0x9c ./Generated_Code/WAIT1.o
                              0x2c44b (size before relaxing)

.comment        0x00000000       0x70
 .comment       0x00000000       0x70 ./Sources/App.o
                                 0x71 (size before relaxing)
 .comment       0x00000000       0x71 ./Sources/Events.o
 .comment       0x00000000       0x71 ./Sources/main.o
 .comment       0x00000000       0x71 ./Project_Settings/Startup_Code/startup.o
 .comment       0x00000000       0x71 ./Generated_Code/BitIoLdd1.o
 .comment       0x00000000       0x71 ./Generated_Code/BitIoLdd2.o
 .comment       0x00000000       0x71 ./Generated_Code/BitIoLdd3.o
 .comment       0x00000000       0x71 ./Generated_Code/Clock_10_ms.o
 .comment       0x00000000       0x71 ./Generated_Code/Cpu.o
 .comment       0x00000000       0x71 ./Generated_Code/PE_LDD.o
 .comment       0x00000000       0x71 ./Generated_Code/PwmLdd1.o
 .comment       0x00000000       0x71 ./Generated_Code/TU1.o
 .comment       0x00000000       0x71 ./Generated_Code/TU2.o
 .comment       0x00000000       0x71 ./Generated_Code/TimerIntLdd1.o
 .comment       0x00000000       0x71 ./Generated_Code/Vectors.o
 .comment       0x00000000       0x71 ./Generated_Code/WAIT1.o

.debug_frame    0x00000000      0x928
 .debug_frame   0x00000000       0x80 ./Sources/App.o
 .debug_frame   0x00000080       0x64 ./Sources/Events.o
 .debug_frame   0x000000e4       0x2c ./Sources/main.o
 .debug_frame   0x00000110       0xd0 ./Project_Settings/Startup_Code/startup.o
 .debug_frame   0x000001e0       0xd0 ./Generated_Code/BitIoLdd1.o
 .debug_frame   0x000002b0       0xf0 ./Generated_Code/BitIoLdd2.o
 .debug_frame   0x000003a0       0xf0 ./Generated_Code/BitIoLdd3.o
 .debug_frame   0x00000490       0x30 ./Generated_Code/Clock_10_ms.o
 .debug_frame   0x000004c0       0x80 ./Generated_Code/Cpu.o
 .debug_frame   0x00000540       0x6c ./Generated_Code/PE_LDD.o
 .debug_frame   0x000005ac       0xb0 ./Generated_Code/PwmLdd1.o
 .debug_frame   0x0000065c       0xd0 ./Generated_Code/TU1.o
 .debug_frame   0x0000072c       0x50 ./Generated_Code/TU2.o
 .debug_frame   0x0000077c       0x50 ./Generated_Code/TimerIntLdd1.o
 .debug_frame   0x000007cc       0xc8 ./Generated_Code/WAIT1.o
 .debug_frame   0x00000894       0x28 c:/freescale/kds_v3/toolchain/bin/../lib/gcc/arm-none-eabi/4.8.4/../../../../arm-none-eabi/lib/armv6-m\libg_s.a(lib_a-exit.o)
 .debug_frame   0x000008bc       0x2c c:/freescale/kds_v3/toolchain/bin/../lib/gcc/arm-none-eabi/4.8.4/../../../../arm-none-eabi/lib/armv6-m\libg_s.a(lib_a-init.o)
 .debug_frame   0x000008e8       0x20 c:/freescale/kds_v3/toolchain/bin/../lib/gcc/arm-none-eabi/4.8.4/../../../../arm-none-eabi/lib/armv6-m\libg_s.a(lib_a-memset.o)
 .debug_frame   0x00000908       0x20 c:/freescale/kds_v3/toolchain/bin/../lib/gcc/arm-none-eabi/4.8.4/../../../../arm-none-eabi/lib/armv6-m\libnosys.a(_exit.o)
